#-----------------------------------------------------------
# Webtalk v2018.2 (64-bit)
# SW Build 2258646 on Thu Jun 14 20:02:38 MDT 2018
# IP Build 2256618 on Thu Jun 14 22:10:49 MDT 2018
# Start of session at: Fri Jul  1 14:29:52 2022
# Process ID: 295361
# Current directory: /home/s081/Downloads/chisel-template/vivado/project_1/project_1.sim/sim_1/synth/func/xsim
# Command line: wbtcv -mode batch -source /home/s081/Downloads/chisel-template/vivado/project_1/project_1.sim/sim_1/synth/func/xsim/xsim.dir/tb_func_synth/webtalk/xsim_webtalk.tcl -notrace
# Log file: /home/s081/Downloads/chisel-template/vivado/project_1/project_1.sim/sim_1/synth/func/xsim/webtalk.log
# Journal file: /home/s081/Downloads/chisel-template/vivado/project_1/project_1.sim/sim_1/synth/func/xsim/webtalk.jou
#-----------------------------------------------------------
source /home/s081/Downloads/chisel-template/vivado/project_1/project_1.sim/sim_1/synth/func/xsim/xsim.dir/tb_func_synth/webtalk/xsim_webtalk.tcl -notrace
